build	Set up job	﻿2026-06-12T15:22:11.3405425Z Current runner version: '2.335.1'
build	Set up job	2026-06-12T15:22:11.3440681Z ##[group]Runner Image Provisioner
build	Set up job	2026-06-12T15:22:11.3442070Z Hosted Compute Agent
build	Set up job	2026-06-12T15:22:11.3443131Z Version: 20260527.539
build	Set up job	2026-06-12T15:22:11.3444139Z Commit: a891dd388383b896fa6ac04a82c0b75cec981078
build	Set up job	2026-06-12T15:22:11.3445333Z Build Date: 2026-05-27T21:39:57Z
build	Set up job	2026-06-12T15:22:11.3446396Z Worker ID: {b1626d80-fab4-42f1-bb44-33f0f03d279e}
build	Set up job	2026-06-12T15:22:11.3447675Z Azure Region: centralus
build	Set up job	2026-06-12T15:22:11.3448610Z ##[endgroup]
build	Set up job	2026-06-12T15:22:11.3450832Z ##[group]Operating System
build	Set up job	2026-06-12T15:22:11.3451875Z Ubuntu
build	Set up job	2026-06-12T15:22:11.3452657Z 24.04.4
build	Set up job	2026-06-12T15:22:11.3453712Z LTS
build	Set up job	2026-06-12T15:22:11.3454571Z ##[endgroup]
build	Set up job	2026-06-12T15:22:11.3455463Z ##[group]Runner Image
build	Set up job	2026-06-12T15:22:11.3456448Z Image: ubuntu-24.04
build	Set up job	2026-06-12T15:22:11.3457835Z Version: 20260607.184.1
build	Set up job	2026-06-12T15:22:11.3459594Z Included Software: https://github.com/actions/runner-images/blob/ubuntu24/20260607.184/images/ubuntu/Ubuntu2404-Readme.md
build	Set up job	2026-06-12T15:22:11.3462516Z Image Release: https://github.com/actions/runner-images/releases/tag/ubuntu24%2F20260607.184
build	Set up job	2026-06-12T15:22:11.3464262Z ##[endgroup]
build	Set up job	2026-06-12T15:22:11.3466291Z ##[group]GITHUB_TOKEN Permissions
build	Set up job	2026-06-12T15:22:11.3469239Z Contents: read
build	Set up job	2026-06-12T15:22:11.3470209Z Metadata: read
build	Set up job	2026-06-12T15:22:11.3471053Z Packages: read
build	Set up job	2026-06-12T15:22:11.3471982Z ##[endgroup]
build	Set up job	2026-06-12T15:22:11.3475077Z Secret source: Actions
build	Set up job	2026-06-12T15:22:11.3476438Z Prepare workflow directory
build	Set up job	2026-06-12T15:22:11.3799929Z Prepare all required actions
build	Set up job	2026-06-12T15:22:11.3838388Z Getting action download info
build	Set up job	2026-06-12T15:22:11.9939746Z Download action repository 'actions/checkout@v4' (SHA:34e114876b0b11c390a56381ad16ebd13914f8d5)
build	Set up job	2026-06-12T15:22:12.0633823Z Download action repository 'actions/setup-java@v4' (SHA:c1e323688fd81a25caa38c78aa6df2d33d3e20d9)
build	Set up job	2026-06-12T15:22:12.8347364Z Download action repository 'subosito/flutter-action@v2' (SHA:1a449444c387b1966244ae4d4f8c696479add0b2)
build	Set up job	2026-06-12T15:22:13.0568529Z Download action repository 'actions/***-artifact@v4' (SHA:ea165f8d65b6e75b540449e92b4886f43607fa02)
build	Set up job	2026-06-12T15:22:13.2736223Z Getting action download info
build	Set up job	2026-06-12T15:22:13.4477217Z Download action repository 'actions/cache@v5' (SHA:27d5ce7f107fe9357f9df03efb73ab90386fccae)
build	Set up job	2026-06-12T15:22:13.6098594Z Complete job name: build
build	Run actions/checkout@v4	﻿2026-06-12T15:22:13.6886018Z ##[group]Run actions/checkout@v4
build	Run actions/checkout@v4	2026-06-12T15:22:13.6887335Z with:
build	Run actions/checkout@v4	2026-06-12T15:22:13.6888143Z   repository: lll152872/venera
build	Run actions/checkout@v4	2026-06-12T15:22:13.6897687Z   token: ***
build	Run actions/checkout@v4	2026-06-12T15:22:13.6898490Z   ssh-strict: true
build	Run actions/checkout@v4	2026-06-12T15:22:13.6899328Z   ssh-user: git
build	Run actions/checkout@v4	2026-06-12T15:22:13.6900169Z   persist-credentials: true
build	Run actions/checkout@v4	2026-06-12T15:22:13.6901064Z   clean: true
build	Run actions/checkout@v4	2026-06-12T15:22:13.6901921Z   sparse-checkout-cone-mode: true
build	Run actions/checkout@v4	2026-06-12T15:22:13.6903026Z   fetch-depth: 1
build	Run actions/checkout@v4	2026-06-12T15:22:13.6903841Z   fetch-tags: false
build	Run actions/checkout@v4	2026-06-12T15:22:13.6904695Z   show-progress: true
build	Run actions/checkout@v4	2026-06-12T15:22:13.6905538Z   lfs: false
build	Run actions/checkout@v4	2026-06-12T15:22:13.6906322Z   submodules: false
build	Run actions/checkout@v4	2026-06-12T15:22:13.6907212Z   set-safe-directory: true
build	Run actions/checkout@v4	2026-06-12T15:22:13.6908365Z ##[endgroup]
build	Run actions/checkout@v4	2026-06-12T15:22:13.7973509Z Syncing repository: lll152872/venera
build	Run actions/checkout@v4	2026-06-12T15:22:13.7976251Z ##[group]Getting Git version info
build	Run actions/checkout@v4	2026-06-12T15:22:13.7977600Z Working directory is '/home/runner/work/venera/venera'
build	Run actions/checkout@v4	2026-06-12T15:22:13.7979450Z [command]/usr/bin/git version
build	Run actions/checkout@v4	2026-06-12T15:22:13.8027394Z git version 2.54.0
build	Run actions/checkout@v4	2026-06-12T15:22:13.8051097Z ##[endgroup]
build	Run actions/checkout@v4	2026-06-12T15:22:13.8065053Z Temporarily overriding HOME='/home/runner/work/_temp/8d1dc034-8164-49b4-a4ef-e7098fb704c8' before making global git config changes
build	Run actions/checkout@v4	2026-06-12T15:22:13.8067639Z Adding repository directory to the temporary git global config as a safe directory
build	Run actions/checkout@v4	2026-06-12T15:22:13.8078678Z [command]/usr/bin/git config --global --add safe.directory /home/runner/work/venera/venera
build	Run actions/checkout@v4	2026-06-12T15:22:13.8118722Z Deleting the contents of '/home/runner/work/venera/venera'
build	Run actions/checkout@v4	2026-06-12T15:22:13.8122056Z ##[group]Initializing the repository
build	Run actions/checkout@v4	2026-06-12T15:22:13.8126211Z [command]/usr/bin/git init /home/runner/work/venera/venera
build	Run actions/checkout@v4	2026-06-12T15:22:13.8205550Z hint: Using 'master' as the name for the initial branch. This default branch name
build	Run actions/checkout@v4	2026-06-12T15:22:13.8208239Z hint: will change to "main" in Git 3.0. To configure the initial branch name
build	Run actions/checkout@v4	2026-06-12T15:22:13.8211029Z hint: to use in all of your new repositories, which will suppress this warning,
build	Run actions/checkout@v4	2026-06-12T15:22:13.8212669Z hint: call:
build	Run actions/checkout@v4	2026-06-12T15:22:13.8213744Z hint:
build	Run actions/checkout@v4	2026-06-12T15:22:13.8215085Z hint: 	git config --global init.defaultBranch <name>
build	Run actions/checkout@v4	2026-06-12T15:22:13.8216276Z hint:
build	Run actions/checkout@v4	2026-06-12T15:22:13.8217445Z hint: Names commonly chosen instead of 'master' are 'main', 'trunk' and
build	Run actions/checkout@v4	2026-06-12T15:22:13.8219197Z hint: 'development'. The just-created branch can be renamed via this command:
build	Run actions/checkout@v4	2026-06-12T15:22:13.8221062Z hint:
build	Run actions/checkout@v4	2026-06-12T15:22:13.8222075Z hint: 	git branch -m <name>
build	Run actions/checkout@v4	2026-06-12T15:22:13.8223323Z hint:
build	Run actions/checkout@v4	2026-06-12T15:22:13.8225345Z hint: Disable this message with "git config set advice.defaultBranchName false"
build	Run actions/checkout@v4	2026-06-12T15:22:13.8227642Z Initialized empty Git repository in /home/runner/work/venera/venera/.git/
build	Run actions/checkout@v4	2026-06-12T15:22:13.8230602Z [command]/usr/bin/git remote add origin https://github.com/lll152872/venera
build	Run actions/checkout@v4	2026-06-12T15:22:13.8261767Z ##[endgroup]
build	Run actions/checkout@v4	2026-06-12T15:22:13.8263411Z ##[group]Disabling automatic garbage collection
build	Run actions/checkout@v4	2026-06-12T15:22:13.8265259Z [command]/usr/bin/git config --local gc.auto 0
build	Run actions/checkout@v4	2026-06-12T15:22:13.8290641Z ##[endgroup]
build	Run actions/checkout@v4	2026-06-12T15:22:13.8292029Z ##[group]Setting up auth
build	Run actions/checkout@v4	2026-06-12T15:22:13.8296213Z [command]/usr/bin/git config --local --name-only --get-regexp core\.sshCommand
build	Run actions/checkout@v4	2026-06-12T15:22:13.8323975Z [command]/usr/bin/git submodule foreach --recursive sh -c "git config --local --name-only --get-regexp 'core\.sshCommand' && git config --local --unset-all 'core.sshCommand' || :"
build	Run actions/checkout@v4	2026-06-12T15:22:13.8596689Z [command]/usr/bin/git config --local --name-only --get-regexp http\.https\:\/\/github\.com\/\.extraheader
build	Run actions/checkout@v4	2026-06-12T15:22:13.8624931Z [command]/usr/bin/git submodule foreach --recursive sh -c "git config --local --name-only --get-regexp 'http\.https\:\/\/github\.com\/\.extraheader' && git config --local --unset-all 'http.https://github.com/.extraheader' || :"
build	Run actions/checkout@v4	2026-06-12T15:22:13.8797598Z [command]/usr/bin/git config --local --name-only --get-regexp ^includeIf\.gitdir:
build	Run actions/checkout@v4	2026-06-12T15:22:13.8825462Z [command]/usr/bin/git submodule foreach --recursive git config --local --show-origin --name-only --get-regexp remote.origin.url
build	Run actions/checkout@v4	2026-06-12T15:22:13.9012349Z [command]/usr/bin/git config --local http.https://github.com/.extraheader AUTHORIZATION: basic ***
build	Run actions/checkout@v4	2026-06-12T15:22:13.9041756Z ##[endgroup]
build	Run actions/checkout@v4	2026-06-12T15:22:13.9044294Z ##[group]Fetching the repository
build	Run actions/checkout@v4	2026-06-12T15:22:13.9052883Z [command]/usr/bin/git -c protocol.version=2 fetch --no-tags --prune --no-recurse-submodules --depth=1 origin +375daec4c382811ce237909f33b67770d5c2fd8b:refs/remotes/origin/master
build	Run actions/checkout@v4	2026-06-12T15:22:15.0653241Z From https://github.com/lll152872/venera
build	Run actions/checkout@v4	2026-06-12T15:22:15.0653835Z  * [new ref]         375daec4c382811ce237909f33b67770d5c2fd8b -> origin/master
build	Run actions/checkout@v4	2026-06-12T15:22:15.0692976Z ##[endgroup]
build	Run actions/checkout@v4	2026-06-12T15:22:15.0693592Z ##[group]Determining the checkout info
build	Run actions/checkout@v4	2026-06-12T15:22:15.0695449Z ##[endgroup]
build	Run actions/checkout@v4	2026-06-12T15:22:15.0703022Z [command]/usr/bin/git sparse-checkout disable
build	Run actions/checkout@v4	2026-06-12T15:22:15.0746193Z [command]/usr/bin/git config --local --unset-all extensions.worktreeConfig
build	Run actions/checkout@v4	2026-06-12T15:22:15.0770437Z ##[group]Checking out the ref
build	Run actions/checkout@v4	2026-06-12T15:22:15.0776798Z [command]/usr/bin/git checkout --progress --force -B master refs/remotes/origin/master
build	Run actions/checkout@v4	2026-06-12T15:22:15.1205007Z Reset branch 'master'
build	Run actions/checkout@v4	2026-06-12T15:22:15.1205708Z branch 'master' set up to track 'origin/master'.
build	Run actions/checkout@v4	2026-06-12T15:22:15.1213234Z ##[endgroup]
build	Run actions/checkout@v4	2026-06-12T15:22:15.1249347Z [command]/usr/bin/git log -1 --format=%H
build	Run actions/checkout@v4	2026-06-12T15:22:15.1269112Z 375daec4c382811ce237909f33b67770d5c2fd8b
build	Free disk space	﻿2026-06-12T15:22:15.1432589Z ##[group]Run sudo rm -rf /usr/share/dotnet
build	Free disk space	2026-06-12T15:22:15.1433294Z ^[[36;1msudo rm -rf /usr/share/dotnet^[[0m
build	Free disk space	2026-06-12T15:22:15.1433791Z ^[[36;1msudo rm -rf /opt/ghc^[[0m
build	Free disk space	2026-06-12T15:22:15.1434142Z ^[[36;1msudo rm -rf /opt/hostedtoolcache/CodeQL^[[0m
build	Free disk space	2026-06-12T15:22:15.1434560Z ^[[36;1msudo rm -rf /usr/local/lib/android/sdk/ndk^[[0m
build	Free disk space	2026-06-12T15:22:15.1434943Z ^[[36;1msudo rm -rf "$AGENT_TOOLSDIRECTORY"^[[0m
build	Free disk space	2026-06-12T15:22:15.1435252Z ^[[36;1mdf -h^[[0m
build	Free disk space	2026-06-12T15:22:15.1560336Z shell: /usr/bin/bash -e {0}
build	Free disk space	2026-06-12T15:22:15.1560723Z ##[endgroup]
build	Free disk space	2026-06-12T15:22:45.0723792Z Filesystem      Size  Used Avail Use% Mounted on
build	Free disk space	2026-06-12T15:22:45.0724499Z /dev/root       145G   40G  105G  28% /
build	Free disk space	2026-06-12T15:22:45.0724817Z tmpfs           7.9G   84K  7.9G   1% /dev/shm
build	Free disk space	2026-06-12T15:22:45.0725114Z tmpfs           3.2G 1008K  3.2G   1% /run
build	Free disk space	2026-06-12T15:22:45.0725420Z tmpfs           5.0M     0  5.0M   0% /run/lock
build	Free disk space	2026-06-12T15:22:45.0725767Z efivarfs        128M   32K  128M   1% /sys/firmware/efi/efivars
build	Free disk space	2026-06-12T15:22:45.0726174Z /dev/sda16      881M   64M  756M   8% /boot
build	Free disk space	2026-06-12T15:22:45.0726490Z /dev/sda15      105M  6.2M   99M   6% /boot/efi
build	Free disk space	2026-06-12T15:22:45.0726821Z tmpfs           1.6G   12K  1.6G   1% /run/user/1001
build	Setup Java	﻿2026-06-12T15:22:45.0849703Z ##[group]Run actions/setup-java@v4
build	Setup Java	2026-06-12T15:22:45.0850019Z with:
build	Setup Java	2026-06-12T15:22:45.0850226Z   java-version: 17
build	Setup Java	2026-06-12T15:22:45.0850448Z   distribution: temurin
build	Setup Java	2026-06-12T15:22:45.0850686Z   java-package: jdk
build	Setup Java	2026-06-12T15:22:45.0850901Z   check-latest: false
build	Setup Java	2026-06-12T15:22:45.0851148Z   server-id: github
build	Setup Java	2026-06-12T15:22:45.0851389Z   server-username: GITHUB_ACTOR
build	Setup Java	2026-06-12T15:22:45.0851669Z   server-password: GITHUB_TOKEN
build	Setup Java	2026-06-12T15:22:45.0851925Z   overwrite-settings: true
build	Setup Java	2026-06-12T15:22:45.0852176Z   job-status: success
build	Setup Java	2026-06-12T15:22:45.0855588Z   token: ***
build	Setup Java	2026-06-12T15:22:45.0855806Z ##[endgroup]
build	Setup Java	2026-06-12T15:22:45.2763916Z ##[group]Installed distributions
build	Setup Java	2026-06-12T15:22:45.2785847Z Trying to resolve the latest version from remote
build	Setup Java	2026-06-12T15:22:45.8082280Z Resolved latest version as 17.0.19+10
build	Setup Java	2026-06-12T15:22:45.8083036Z Trying to download...
build	Setup Java	2026-06-12T15:22:45.8084415Z Downloading Java 17.0.19+10 (Temurin-Hotspot) from https://github.com/adoptium/temurin17-binaries/releases/download/jdk-17.0.19%2B10/OpenJDK17U-jdk_x64_linux_hotspot_17.0.19_10.tar.gz ...
build	Setup Java	2026-06-12T15:22:46.7658784Z Extracting Java archive...
build	Setup Java	2026-06-12T15:22:46.7745427Z [command]/usr/bin/tar xz --warning=no-unknown-keyword --overwrite -C /home/runner/work/_temp/3c25d0ad-2535-4e5a-b075-8609a2fabf04 -f /home/runner/work/_temp/20f2f11d-985b-422b-b0c1-d6c94638b7cd
build	Setup Java	2026-06-12T15:22:49.2754407Z Java 17.0.19+10 was downloaded
build	Setup Java	2026-06-12T15:22:49.2754960Z Setting Java 17.0.19+10 as the default
build	Setup Java	2026-06-12T15:22:49.2763435Z Creating toolchains.xml for JDK version 17 from temurin
build	Setup Java	2026-06-12T15:22:49.2833449Z Writing to /home/runner/.m2/toolchains.xml
build	Setup Java	2026-06-12T15:22:49.2833933Z 
build	Setup Java	2026-06-12T15:22:49.2834095Z Java configuration:
build	Setup Java	2026-06-12T15:22:49.2834472Z   Distribution: temurin
build	Setup Java	2026-06-12T15:22:49.2834853Z   Version: 17.0.19+10
build	Setup Java	2026-06-12T15:22:49.2835400Z   Path: /opt/hostedtoolcache/Java_Temurin-Hotspot_jdk/17.0.19-10/x64
build	Setup Java	2026-06-12T15:22:49.2835917Z 
build	Setup Java	2026-06-12T15:22:49.2836538Z ##[endgroup]
build	Setup Java	2026-06-12T15:22:49.2851143Z Creating settings.xml with server-id: github
build	Setup Java	2026-06-12T15:22:49.2851520Z Writing to /home/runner/.m2/settings.xml
build	Setup Flutter	﻿2026-06-12T15:22:49.3058152Z ##[group]Run subosito/flutter-action@v2
build	Setup Flutter	2026-06-12T15:22:49.3058454Z with:
build	Setup Flutter	2026-06-12T15:22:49.3058733Z   flutter-version: 3.44.0
build	Setup Flutter	2026-06-12T15:22:49.3058961Z   channel: stable
build	Setup Flutter	2026-06-12T15:22:49.3059177Z   architecture: X64
build	Setup Flutter	2026-06-12T15:22:49.3059385Z   cache: false
build	Setup Flutter	2026-06-12T15:22:49.3059594Z   pub-cache-path: default
build	Setup Flutter	2026-06-12T15:22:49.3059818Z   dry-run: false
build	Setup Flutter	2026-06-12T15:22:49.3060088Z   git-source: https://github.com/flutter/flutter.git
build	Setup Flutter	2026-06-12T15:22:49.3060380Z env:
build	Setup Flutter	2026-06-12T15:22:49.3060671Z   JAVA_HOME: /opt/hostedtoolcache/Java_Temurin-Hotspot_jdk/17.0.19-10/x64
build	Setup Flutter	2026-06-12T15:22:49.3061145Z   JAVA_HOME_17_X64: /opt/hostedtoolcache/Java_Temurin-Hotspot_jdk/17.0.19-10/x64
build	Setup Flutter	2026-06-12T15:22:49.3061662Z ##[endgroup]
build	Setup Flutter	2026-06-12T15:22:49.3793195Z ##[group]Run chmod +x "$GITHUB_ACTION_PATH/setup.sh"
build	Setup Flutter	2026-06-12T15:22:49.3793612Z ^[[36;1mchmod +x "$GITHUB_ACTION_PATH/setup.sh"^[[0m
build	Setup Flutter	2026-06-12T15:22:49.3819266Z shell: /usr/bin/bash --noprofile --norc -e -o pipefail {0}
build	Setup Flutter	2026-06-12T15:22:49.3819744Z env:
build	Setup Flutter	2026-06-12T15:22:49.3820321Z   JAVA_HOME: /opt/hostedtoolcache/Java_Temurin-Hotspot_jdk/17.0.19-10/x64
build	Setup Flutter	2026-06-12T15:22:49.3821111Z   JAVA_HOME_17_X64: /opt/hostedtoolcache/Java_Temurin-Hotspot_jdk/17.0.19-10/x64
build	Setup Flutter	2026-06-12T15:22:49.3821644Z ##[endgroup]
build	Setup Flutter	2026-06-12T15:22:49.4290148Z ##[group]Run $GITHUB_ACTION_PATH/setup.sh -p \
build	Setup Flutter	2026-06-12T15:22:49.4290536Z ^[[36;1m$GITHUB_ACTION_PATH/setup.sh -p \^[[0m
build	Setup Flutter	2026-06-12T15:22:49.4290825Z ^[[36;1m  -n '3.44.0' \^[[0m
build	Setup Flutter	2026-06-12T15:22:49.4291061Z ^[[36;1m  -f '' \^[[0m
build	Setup Flutter	2026-06-12T15:22:49.4291272Z ^[[36;1m  -a 'X64' \^[[0m
build	Setup Flutter	2026-06-12T15:22:49.4291482Z ^[[36;1m  -k '' \^[[0m
build	Setup Flutter	2026-06-12T15:22:49.4291690Z ^[[36;1m  -c '' \^[[0m
build	Setup Flutter	2026-06-12T15:22:49.4291889Z ^[[36;1m  -l '' \^[[0m
build	Setup Flutter	2026-06-12T15:22:49.4292121Z ^[[36;1m  -d 'default' \^[[0m
build	Setup Flutter	2026-06-12T15:22:49.4292449Z ^[[36;1m  -g 'https://github.com/flutter/flutter.git' \^[[0m
build	Setup Flutter	2026-06-12T15:22:49.4292923Z ^[[36;1m  stable^[[0m
build	Setup Flutter	2026-06-12T15:22:49.4311160Z shell: /usr/bin/bash --noprofile --norc -e -o pipefail {0}
build	Setup Flutter	2026-06-12T15:22:49.4311515Z env:
build	Setup Flutter	2026-06-12T15:22:49.4311838Z   JAVA_HOME: /opt/hostedtoolcache/Java_Temurin-Hotspot_jdk/17.0.19-10/x64
build	Setup Flutter	2026-06-12T15:22:49.4312325Z   JAVA_HOME_17_X64: /opt/hostedtoolcache/Java_Temurin-Hotspot_jdk/17.0.19-10/x64
build	Setup Flutter	2026-06-12T15:22:49.4312792Z ##[endgroup]
build	Setup Flutter	2026-06-12T15:22:49.7737825Z ##[group]Run $GITHUB_ACTION_PATH/setup.sh \
build	Setup Flutter	2026-06-12T15:22:49.7738470Z ^[[36;1m$GITHUB_ACTION_PATH/setup.sh \^[[0m
build	Setup Flutter	2026-06-12T15:22:49.7738999Z ^[[36;1m  -n '3.44.0' \^[[0m
build	Setup Flutter	2026-06-12T15:22:49.7739485Z ^[[36;1m  -a 'x64' \^[[0m
build	Setup Flutter	2026-06-12T15:22:49.7740041Z ^[[36;1m  -c '/opt/hostedtoolcache/flutter/stable-3.44.0-x64' \^[[0m
build	Setup Flutter	2026-06-12T15:22:49.7740683Z ^[[36;1m  -d '/home/runner/.pub-cache' \^[[0m
build	Setup Flutter	2026-06-12T15:22:49.7741204Z ^[[36;1m  stable^[[0m
build	Setup Flutter	2026-06-12T15:22:49.7773641Z shell: /usr/bin/bash --noprofile --norc -e -o pipefail {0}
build	Setup Flutter	2026-06-12T15:22:49.7774342Z env:
build	Setup Flutter	2026-06-12T15:22:49.7774915Z   JAVA_HOME: /opt/hostedtoolcache/Java_Temurin-Hotspot_jdk/17.0.19-10/x64
build	Setup Flutter	2026-06-12T15:22:49.7775828Z   JAVA_HOME_17_X64: /opt/hostedtoolcache/Java_Temurin-Hotspot_jdk/17.0.19-10/x64
build	Setup Flutter	2026-06-12T15:22:49.7776522Z ##[endgroup]
build	Setup Flutter	2026-06-12T15:22:50.0778215Z   % Total    % Received % Xferd  Average Speed   Time    Time     Time  Current
build	Setup Flutter	2026-06-12T15:22:50.0779049Z                                  Dload  Upload   Total   Spent    Left  Speed
build	Setup Flutter	2026-06-12T15:22:50.5126988Z 
build	Setup Flutter	2026-06-12T15:22:50.5127498Z   0     0    0     0    0     0      0      0 --:--:-- --:--:-- --:--:--     0
build	Setup Flutter	2026-06-12T15:22:51.5102451Z   0 1469M    0 10.0M    0     0  23.1M      0  0:01:03 --:--:--  0:01:03 23.1M
build	Setup Flutter	2026-06-12T15:22:52.5109768Z  15 1469M   15  220M    0     0   154M      0  0:00:09  0:00:01  0:00:08  154M
build	Setup Flutter	2026-06-12T15:22:53.5224465Z  29 1469M   29  429M    0     0   176M      0  0:00:08  0:00:02  0:00:06  176M
build	Setup Flutter	2026-06-12T15:22:54.5101486Z  43 1469M   43  640M    0     0   185M      0  0:00:07  0:00:03  0:00:04  185M
build	Setup Flutter	2026-06-12T15:22:55.5233202Z  57 1469M   57  847M    0     0   191M      0  0:00:07  0:00:04  0:00:03  191M
build	Setup Flutter	2026-06-12T15:22:56.5103334Z  71 1469M   71 1049M    0     0   192M      0  0:00:07  0:00:05  0:00:02  207M
build	Setup Flutter	2026-06-12T15:22:57.5159375Z  85 1469M   85 1258M    0     0   195M      0  0:00:07  0:00:06  0:00:01  207M
build	Setup Flutter	2026-06-12T15:22:57.5160228Z 100 1469M  100 1469M    0     0   197M      0  0:00:07  0:00:07 --:--:--  207M
build	Setup Flutter	2026-06-12T15:22:57.5160943Z 100 1469M  100 1469M    0     0   197M      0  0:00:07  0:00:07 --:--:--  207M
build	Check rust-toolchain.toml	﻿2026-06-12T15:23:48.0480877Z ##[group]Run rustup show
build	Check rust-toolchain.toml	2026-06-12T15:23:48.0481165Z ^[[36;1mrustup show^[[0m
build	Check rust-toolchain.toml	2026-06-12T15:23:48.0500157Z shell: /usr/bin/bash -e {0}
build	Check rust-toolchain.toml	2026-06-12T15:23:48.0500428Z env:
build	Check rust-toolchain.toml	2026-06-12T15:23:48.0500736Z   JAVA_HOME: /opt/hostedtoolcache/Java_Temurin-Hotspot_jdk/17.0.19-10/x64
build	Check rust-toolchain.toml	2026-06-12T15:23:48.0501234Z   JAVA_HOME_17_X64: /opt/hostedtoolcache/Java_Temurin-Hotspot_jdk/17.0.19-10/x64
build	Check rust-toolchain.toml	2026-06-12T15:23:48.0501839Z   FLUTTER_ROOT: /opt/hostedtoolcache/flutter/stable-3.44.0-x64/flutter
build	Check rust-toolchain.toml	2026-06-12T15:23:48.0502203Z   PUB_CACHE: /home/runner/.pub-cache
build	Check rust-toolchain.toml	2026-06-12T15:23:48.0502467Z ##[endgroup]
build	Check rust-toolchain.toml	2026-06-12T15:23:48.0903710Z Default host: x86_64-unknown-linux-gnu
build	Check rust-toolchain.toml	2026-06-12T15:23:48.0904119Z rustup home:  /home/runner/.rustup
build	Check rust-toolchain.toml	2026-06-12T15:23:48.0904348Z 
build	Check rust-toolchain.toml	2026-06-12T15:23:48.0946996Z info: syncing channel updates for 1.85.1-x86_64-unknown-linux-gnu
build	Check rust-toolchain.toml	2026-06-12T15:23:48.3141556Z info: latest update on 2025-03-18 for version 1.85.1 (4eb161250 2025-03-15)
build	Check rust-toolchain.toml	2026-06-12T15:23:48.3154756Z info: downloading 8 components
build	Check rust-toolchain.toml	2026-06-12T15:24:05.8434433Z installed toolchains
build	Check rust-toolchain.toml	2026-06-12T15:24:05.8434885Z --------------------
build	Check rust-toolchain.toml	2026-06-12T15:24:05.8435251Z stable-x86_64-unknown-linux-gnu (default)
build	Check rust-toolchain.toml	2026-06-12T15:24:05.8435535Z 
build	Check rust-toolchain.toml	2026-06-12T15:24:05.8435665Z active toolchain
build	Check rust-toolchain.toml	2026-06-12T15:24:05.8435962Z ----------------
build	Check rust-toolchain.toml	2026-06-12T15:24:05.8436283Z name: 1.85.1-x86_64-unknown-linux-gnu
build	Check rust-toolchain.toml	2026-06-12T15:24:05.8436904Z active because: overridden by '/home/runner/work/venera/venera/rust-toolchain.toml'
build	Check rust-toolchain.toml	2026-06-12T15:24:05.8437483Z installed targets:
build	Check rust-toolchain.toml	2026-06-12T15:24:05.8437801Z   aarch64-apple-darwin
build	Check rust-toolchain.toml	2026-06-12T15:24:05.8438110Z   aarch64-linux-android
build	Check rust-toolchain.toml	2026-06-12T15:24:05.8438453Z   armv7-linux-androideabi
build	Check rust-toolchain.toml	2026-06-12T15:24:05.8438798Z   x86_64-apple-darwin
build	Check rust-toolchain.toml	2026-06-12T15:24:05.8439138Z   x86_64-linux-android
build	Check rust-toolchain.toml	2026-06-12T15:24:05.8439463Z   x86_64-unknown-linux-gnu
build	Get dependencies	﻿2026-06-12T15:24:05.8510242Z ##[group]Run flutter pub get
build	Get dependencies	2026-06-12T15:24:05.8510544Z ^[[36;1mflutter pub get^[[0m
build	Get dependencies	2026-06-12T15:24:05.8529691Z shell: /usr/bin/bash -e {0}
build	Get dependencies	2026-06-12T15:24:05.8529962Z env:
build	Get dependencies	2026-06-12T15:24:05.8530281Z   JAVA_HOME: /opt/hostedtoolcache/Java_Temurin-Hotspot_jdk/17.0.19-10/x64
build	Get dependencies	2026-06-12T15:24:05.8530780Z   JAVA_HOME_17_X64: /opt/hostedtoolcache/Java_Temurin-Hotspot_jdk/17.0.19-10/x64
build	Get dependencies	2026-06-12T15:24:05.8531255Z   FLUTTER_ROOT: /opt/hostedtoolcache/flutter/stable-3.44.0-x64/flutter
build	Get dependencies	2026-06-12T15:24:05.8531639Z   PUB_CACHE: /home/runner/.pub-cache
build	Get dependencies	2026-06-12T15:24:05.8531906Z ##[endgroup]
build	Get dependencies	2026-06-12T15:24:09.7577672Z Resolving dependencies...
build	Get dependencies	2026-06-12T15:24:17.7472208Z Downloading packages...
build	Get dependencies	2026-06-12T15:24:22.0210923Z * app_links 7.1.2 (was 7.1.2)
build	Get dependencies	2026-06-12T15:24:22.0211410Z * app_links_linux 1.0.3 (was 1.0.3)
build	Get dependencies	2026-06-12T15:24:22.0211799Z * app_links_platform_interface 2.0.3 (was 2.0.3)
build	Get dependencies	2026-06-12T15:24:22.0212219Z * app_links_web 1.0.4 (was 1.0.4)
build	Get dependencies	2026-06-12T15:24:22.0212566Z * archive 4.0.9 (was 4.0.9)
build	Get dependencies	2026-06-12T15:24:22.0213163Z * args 2.7.0 (was 2.7.0)
build	Get dependencies	2026-06-12T15:24:22.0213518Z * async 2.13.1 (was 2.13.1)
build	Get dependencies	2026-06-12T15:24:22.0213851Z * battery_plus 7.0.0 (was 7.0.0)
build	Get dependencies	2026-06-12T15:24:22.0214227Z * battery_plus_platform_interface 2.0.1 (was 2.0.1)
build	Get dependencies	2026-06-12T15:24:22.0214666Z * boolean_selector 2.1.2 (was 2.1.2)
build	Get dependencies	2026-06-12T15:24:22.0215083Z * build_cli_annotations 2.1.1 (was 2.1.1)
build	Get dependencies	2026-06-12T15:24:22.0215429Z * characters 1.4.1 (was 1.4.1)
build	Get dependencies	2026-06-12T15:24:22.0215746Z * clock 1.1.2 (was 1.1.2)
build	Get dependencies	2026-06-12T15:24:22.0215979Z * code_assets 1.2.1 (was 1.2.1)
build	Get dependencies	2026-06-12T15:24:22.0216231Z * collection 1.19.1 (was 1.19.1)
build	Get dependencies	2026-06-12T15:24:22.0216476Z * convert 3.1.2 (was 3.1.2)
build	Get dependencies	2026-06-12T15:24:22.0216716Z * cross_file 0.3.5+2 (was 0.3.5+2)
build	Get dependencies	2026-06-12T15:24:22.0216969Z * crypto 3.0.7 (was 3.0.7)
build	Get dependencies	2026-06-12T15:24:22.0217206Z * csslib 1.0.2 (was 1.0.2)
build	Get dependencies	2026-06-12T15:24:22.0217431Z * dbus 0.7.14 (was 0.7.14)
build	Get dependencies	2026-06-12T15:24:22.0217651Z * dio 5.9.2 (was 5.9.2)
build	Get dependencies	2026-06-12T15:24:22.0217878Z * dio_web_adapter 2.1.2 (was 2.1.2)
build	Get dependencies	2026-06-12T15:24:22.0218151Z * display_mode 0.0.2 (was 0.0.2)
build	Get dependencies	2026-06-12T15:24:22.0218405Z * dynamic_color 1.8.1 (was 1.8.1)
build	Get dependencies	2026-06-12T15:24:22.0218736Z * enough_convert 1.6.0 (was 1.6.0)
build	Get dependencies	2026-06-12T15:24:22.0219100Z * fake_async 1.3.3 (was 1.3.3)
build	Get dependencies	2026-06-12T15:24:22.0219347Z * ffi 2.2.0 (was 2.2.0)
build	Get dependencies	2026-06-12T15:24:22.0219574Z * file 7.0.1 (was 7.0.1)
build	Get dependencies	2026-06-12T15:24:22.0219817Z * file_selector 1.1.0 (was 1.1.0)
build	Get dependencies	2026-06-12T15:24:22.0220132Z * file_selector_android 0.5.2+8 (was 0.5.2+8)
build	Get dependencies	2026-06-12T15:24:22.0220703Z * file_selector_ios 0.5.3+5 (was 0.5.3+5)
build	Get dependencies	2026-06-12T15:24:22.0220995Z * file_selector_linux 0.9.4 (was 0.9.4)
build	Get dependencies	2026-06-12T15:24:22.0221281Z * file_selector_macos 0.9.5 (was 0.9.5)
build	Get dependencies	2026-06-12T15:24:22.0221590Z * file_selector_platform_interface 2.7.0 (was 2.7.0)
build	Get dependencies	2026-06-12T15:24:22.0221907Z * file_selector_web 0.9.5 (was 0.9.5)
build	Get dependencies	2026-06-12T15:24:22.0222194Z * file_selector_windows 0.9.3+5 (was 0.9.3+5)
build	Get dependencies	2026-06-12T15:24:22.0222492Z * fixnum 1.1.1 (was 1.1.1)
build	Get dependencies	2026-06-12T15:24:22.0222918Z * flex_seed_scheme 4.0.1 (was 4.0.1)
build	Get dependencies	2026-06-12T15:24:22.0223258Z * flutter_file_dialog 3.0.3 (was 3.0.3)
build	Get dependencies	2026-06-12T15:24:22.0223598Z * flutter_inappwebview_internal_annotations 1.3.0 (was 1.3.0)
build	Get dependencies	2026-06-12T15:24:22.0223987Z * flutter_lints 5.0.0 (was 5.0.0) (6.0.0 available)
build	Get dependencies	2026-06-12T15:24:22.0224290Z * flutter_memory_info 0.0.3 (was 0.0.3)
build	Get dependencies	2026-06-12T15:24:22.0224602Z * flutter_plugin_android_lifecycle 2.0.35 (was 2.0.35)
build	Get dependencies	2026-06-12T15:24:22.0224951Z * flutter_reorderable_grid_view 5.7.0 (was 5.7.0)
build	Get dependencies	2026-06-12T15:24:22.0225325Z * flutter_rust_bridge 2.11.1 (was 2.11.1) (2.12.0 available)
build	Get dependencies	2026-06-12T15:24:22.0225670Z * flutter_staggered_grid_view 0.7.0 (was 0.7.0)
build	Get dependencies	2026-06-12T15:24:22.0225961Z * flutter_to_arch 1.0.1 (was 1.0.1)
build	Get dependencies	2026-06-12T15:24:22.0226240Z * freezed_annotation 3.1.0 (was 3.1.0)
build	Get dependencies	2026-06-12T15:24:22.0226496Z * gtk 2.2.0 (was 2.2.0)
build	Get dependencies	2026-06-12T15:24:22.0226721Z * hooks 2.0.2 (was 2.0.2)
build	Get dependencies	2026-06-12T15:24:22.0226945Z * html 0.15.6 (was 0.15.6)
build	Get dependencies	2026-06-12T15:24:22.0227178Z * http 1.6.0 (was 1.6.0)
build	Get dependencies	2026-06-12T15:24:22.0227579Z * http_parser 4.1.2 (was 4.1.2)
build	Get dependencies	2026-06-12T15:24:22.0227835Z * http_profile 0.1.0 (was 0.1.0)
build	Get dependencies	2026-06-12T15:24:22.0228077Z * intl 0.20.2 (was 0.20.2)
build	Get dependencies	2026-06-12T15:24:22.0228307Z * io 1.0.5 (was 1.0.5)
build	Get dependencies	2026-06-12T15:24:22.0228525Z * jni 1.0.0 (was 1.0.0)
build	Get dependencies	2026-06-12T15:24:22.0228750Z * jni_flutter 1.0.1 (was 1.0.1)
build	Get dependencies	2026-06-12T15:24:22.0228996Z * json_annotation 4.12.0 (was 4.12.0)
build	Get dependencies	2026-06-12T15:24:22.0229264Z * leak_tracker 11.0.2 (was 11.0.2)
build	Get dependencies	2026-06-12T15:24:22.0229539Z * leak_tracker_flutter_testing 3.0.10 (was 3.0.10)
build	Get dependencies	2026-06-12T15:24:22.0229835Z * leak_tracker_testing 3.0.2 (was 3.0.2)
build	Get dependencies	2026-06-12T15:24:22.0230113Z * lints 5.1.1 (was 5.1.1) (6.1.0 available)
build	Get dependencies	2026-06-12T15:24:22.0230377Z * local_auth 3.0.1 (was 3.0.1)
build	Get dependencies	2026-06-12T15:24:22.0230621Z * local_auth_android 2.0.9 (was 2.0.9)
build	Get dependencies	2026-06-12T15:24:22.0231045Z * local_auth_darwin 2.0.3 (was 2.0.3)
build	Get dependencies	2026-06-12T15:24:22.0231362Z * local_auth_platform_interface 1.1.0 (was 1.1.0)
build	Get dependencies	2026-06-12T15:24:22.0231663Z * local_auth_windows 2.0.1 (was 2.0.1)
build	Get dependencies	2026-06-12T15:24:22.0231928Z * logging 1.3.0 (was 1.3.0)
build	Get dependencies	2026-06-12T15:24:22.0232185Z * matcher 0.12.19 (was 0.12.19) (0.12.20 available)
build	Get dependencies	2026-06-12T15:24:22.0232496Z * material_color_utilities 0.13.0 (was 0.13.0)
build	Get dependencies	2026-06-12T15:24:22.0232963Z * meta 1.18.0 (was 1.18.0) (1.18.3 available)
build	Get dependencies	2026-06-12T15:24:22.0233239Z * mime 2.0.0 (was 2.0.0)
build	Get dependencies	2026-06-12T15:24:22.0233467Z * mime_type 1.0.1 (was 1.0.1)
build	Get dependencies	2026-06-12T15:24:22.0233713Z * objective_c 9.4.1 (was 9.4.1)
build	Get dependencies	2026-06-12T15:24:22.0234006Z * package_config 2.2.0 (was 2.2.0) (3.0.0 available)
build	Get dependencies	2026-06-12T15:24:22.0234298Z * path 1.9.1 (was 1.9.1)
build	Get dependencies	2026-06-12T15:24:22.0234530Z * path_provider 2.1.5 (was 2.1.5)
build	Get dependencies	2026-06-12T15:24:22.0234805Z * path_provider_android 2.3.1 (was 2.3.1)
build	Get dependencies	2026-06-12T15:24:22.0235107Z * path_provider_foundation 2.6.0 (was 2.6.0)
build	Get dependencies	2026-06-12T15:24:22.0235405Z * path_provider_linux 2.2.1 (was 2.2.1)
build	Get dependencies	2026-06-12T15:24:22.0235699Z * path_provider_platform_interface 2.1.2 (was 2.1.2)
build	Get dependencies	2026-06-12T15:24:22.0236019Z * path_provider_windows 2.3.0 (was 2.3.0)
build	Get dependencies	2026-06-12T15:24:22.0236306Z * petitparser 7.0.2 (was 7.0.2)
build	Get dependencies	2026-06-12T15:24:22.0236555Z * platform 3.1.6 (was 3.1.6)
build	Get dependencies	2026-06-12T15:24:22.0236815Z * plugin_platform_interface 2.1.8 (was 2.1.8)
build	Get dependencies	2026-06-12T15:24:22.0237109Z * pointycastle 4.0.0 (was 4.0.0)
build	Get dependencies	2026-06-12T15:24:22.0237357Z * posix 6.5.0 (was 6.5.0)
build	Get dependencies	2026-06-12T15:24:22.0237589Z * pub_semver 2.2.0 (was 2.2.0)
build	Get dependencies	2026-06-12T15:24:22.0237828Z * record_use 0.6.0 (was 0.6.0)
build	Get dependencies	2026-06-12T15:24:22.0238211Z * rhttp 0.15.1 (was 0.15.1) (0.18.0 available)
build	Get dependencies	2026-06-12T15:24:22.0238496Z * screen_retriever 0.2.1 (was 0.2.1)
build	Get dependencies	2026-06-12T15:24:22.0238978Z * screen_retriever_linux 0.2.1 (was 0.2.1)
build	Get dependencies	2026-06-12T15:24:22.0239381Z * screen_retriever_macos 0.2.1 (was 0.2.1)
build	Get dependencies	2026-06-12T15:24:22.0239690Z * screen_retriever_platform_interface 0.2.1 (was 0.2.1)
build	Get dependencies	2026-06-12T15:24:22.0240010Z * screen_retriever_windows 0.2.1 (was 0.2.1)
build	Get dependencies	2026-06-12T15:24:22.0240307Z * share_plus 12.0.2 (was 12.0.2) (13.1.0 available)
build	Get dependencies	2026-06-12T15:24:22.0240678Z * share_plus_platform_interface 6.1.0 (was 6.1.0) (7.1.0 available)
build	Get dependencies	2026-06-12T15:24:22.0241043Z * shimmer_animation 2.2.2+1 (was 2.2.2+1)
build	Get dependencies	2026-06-12T15:24:22.0241316Z * sliver_tools 0.2.12 (was 0.2.12)
build	Get dependencies	2026-06-12T15:24:22.0241576Z * source_span 1.10.2 (was 1.10.2)
build	Get dependencies	2026-06-12T15:24:22.0241834Z * sqlite3 2.9.4 (was 2.9.4) (3.3.2 available)
build	Get dependencies	2026-06-12T15:24:22.0242165Z * sqlite3_flutter_libs 0.5.42 (was 0.5.42) (0.6.0+eol available)
build	Get dependencies	2026-06-12T15:24:22.0242498Z * stack_trace 1.12.1 (was 1.12.1)
build	Get dependencies	2026-06-12T15:24:22.0242837Z * stream_channel 2.1.4 (was 2.1.4)
build	Get dependencies	2026-06-12T15:24:22.0243226Z * string_scanner 1.4.1 (was 1.4.1)
build	Get dependencies	2026-06-12T15:24:22.0243512Z * syntax_highlight 0.4.0 (was 0.4.0) (0.5.0 available)
build	Get dependencies	2026-06-12T15:24:22.0243809Z * term_glyph 1.2.2 (was 1.2.2)
build	Get dependencies	2026-06-12T15:24:22.0244082Z * test_api 0.7.11 (was 0.7.11) (0.7.12 available)
build	Get dependencies	2026-06-12T15:24:22.0244366Z * typed_data 1.4.0 (was 1.4.0)
build	Get dependencies	2026-06-12T15:24:22.0244606Z * upower 0.7.0 (was 0.7.0)
build	Get dependencies	2026-06-12T15:24:22.0244861Z * url_launcher 6.3.2 (was 6.3.2)
build	Get dependencies	2026-06-12T15:24:22.0245231Z * url_launcher_android 6.3.32 (was 6.3.32)
build	Get dependencies	2026-06-12T15:24:22.0245506Z * url_launcher_ios 6.4.1 (was 6.4.1)
build	Get dependencies	2026-06-12T15:24:22.0245776Z * url_launcher_linux 3.2.2 (was 3.2.2)
build	Get dependencies	2026-06-12T15:24:22.0246063Z * url_launcher_macos 3.2.5 (was 3.2.5)
build	Get dependencies	2026-06-12T15:24:22.0246366Z * url_launcher_platform_interface 2.3.2 (was 2.3.2)
build	Get dependencies	2026-06-12T15:24:22.0246676Z * url_launcher_web 2.4.3 (was 2.4.3)
build	Get dependencies	2026-06-12T15:24:22.0246938Z * url_launcher_windows 3.1.5 (was 3.1.5)
build	Get dependencies	2026-06-12T15:24:22.0247199Z * uuid 4.5.3 (was 4.5.3)
build	Get dependencies	2026-06-12T15:24:22.0247444Z * vector_math 2.2.0 (was 2.2.0) (2.4.0 available)
build	Get dependencies	2026-06-12T15:24:22.0247727Z * vm_service 15.2.0 (was 15.2.0)
build	Get dependencies	2026-06-12T15:24:22.0247963Z * web 1.1.1 (was 1.1.1)
build	Get dependencies	2026-06-12T15:24:22.0248200Z * win32 5.15.0 (was 5.15.0) (6.3.0 available)
build	Get dependencies	2026-06-12T15:24:22.0248476Z * window_manager 0.5.1 (was 0.5.1)
build	Get dependencies	2026-06-12T15:24:22.0248731Z * xdg_directories 1.1.0 (was 1.1.0)
build	Get dependencies	2026-06-12T15:24:22.0248988Z * xml 6.6.1 (was 6.6.1) (7.0.1 available)
build	Get dependencies	2026-06-12T15:24:22.0249244Z * yaml 3.1.3 (was 3.1.3)
build	Get dependencies	2026-06-12T15:24:22.0249477Z * zip_flutter 0.0.13 (was 0.0.13)
build	Get dependencies	2026-06-12T15:24:22.0249758Z Changed 129 dependencies!
build	Get dependencies	2026-06-12T15:24:22.0250095Z 16 packages have newer versions incompatible with dependency constraints.
build	Get dependencies	2026-06-12T15:24:22.0250493Z Try `flutter pub outdated` for more information.
build	Decode keystore	﻿2026-06-12T15:24:22.3969957Z ##[group]Run mkdir -p android/app
build	Decode keystore	2026-06-12T15:24:22.3970581Z ^[[36;1mmkdir -p android/app^[[0m
build	Decode keystore	2026-06-12T15:24:22.3996789Z ^[[36;1mecho "***^[[0m
build	Decode keystore	2026-06-12T15:24:22.3997129Z ^[[36;1m" | base64 -d > android/app/keystore.jks^[[0m
build	Decode keystore	2026-06-12T15:24:22.3997518Z ^[[36;1mecho "storeFile=keystore.jks" > android/key.properties^[[0m
build	Decode keystore	2026-06-12T15:24:22.3997950Z ^[[36;1mecho "storePassword=***" >> android/key.properties^[[0m
build	Decode keystore	2026-06-12T15:24:22.3998339Z ^[[36;1mecho "keyAlias=***" >> android/key.properties^[[0m
build	Decode keystore	2026-06-12T15:24:22.3998823Z ^[[36;1mecho "keyPassword=***" >> android/key.properties^[[0m
build	Decode keystore	2026-06-12T15:24:22.4017996Z shell: /usr/bin/bash -e {0}
build	Decode keystore	2026-06-12T15:24:22.4018268Z env:
build	Decode keystore	2026-06-12T15:24:22.4018576Z   JAVA_HOME: /opt/hostedtoolcache/Java_Temurin-Hotspot_jdk/17.0.19-10/x64
build	Decode keystore	2026-06-12T15:24:22.4019055Z   JAVA_HOME_17_X64: /opt/hostedtoolcache/Java_Temurin-Hotspot_jdk/17.0.19-10/x64
build	Decode keystore	2026-06-12T15:24:22.4019518Z   FLUTTER_ROOT: /opt/hostedtoolcache/flutter/stable-3.44.0-x64/flutter
build	Decode keystore	2026-06-12T15:24:22.4019885Z   PUB_CACHE: /home/runner/.pub-cache
build	Decode keystore	2026-06-12T15:24:22.4020190Z ##[endgroup]
build	Build APK	﻿2026-06-12T15:24:22.4113173Z ##[group]Run flutter build apk --release
build	Build APK	2026-06-12T15:24:22.4113743Z ^[[36;1mflutter build apk --release^[[0m
build	Build APK	2026-06-12T15:24:22.4129741Z shell: /usr/bin/bash -e {0}
build	Build APK	2026-06-12T15:24:22.4129998Z env:
build	Build APK	2026-06-12T15:24:22.4130323Z   JAVA_HOME: /opt/hostedtoolcache/Java_Temurin-Hotspot_jdk/17.0.19-10/x64
build	Build APK	2026-06-12T15:24:22.4130811Z   JAVA_HOME_17_X64: /opt/hostedtoolcache/Java_Temurin-Hotspot_jdk/17.0.19-10/x64
build	Build APK	2026-06-12T15:24:22.4131270Z   FLUTTER_ROOT: /opt/hostedtoolcache/flutter/stable-3.44.0-x64/flutter
build	Build APK	2026-06-12T15:24:22.4131635Z   PUB_CACHE: /home/runner/.pub-cache
build	Build APK	2026-06-12T15:24:22.4131950Z   GRADLE_OPTS: -Xmx4g -XX:+HeapDumpOnOutOfMemoryError
build	Build APK	2026-06-12T15:24:22.4132251Z ##[endgroup]
build	Build APK	2026-06-12T15:25:53.2094391Z Warning: Flutter support for your project's Gradle version (8.13.0) will soon be dropped. Please upgrade your Gradle version to a version of at least 8.14.0 soon.
build	Build APK	2026-06-12T15:25:53.2095697Z Running Gradle task 'assembleRelease'...                        
build	Build APK	2026-06-12T15:25:53.2144184Z Alternatively, use the flag "--android-skip-build-dependency-validation" to bypass this check.
build	Build APK	2026-06-12T15:25:53.2168337Z 
build	Build APK	2026-06-12T15:25:53.2169921Z Potential fix: Your project's gradle version is typically defined in the gradle wrapper file. By default, this can be found at /home/runner/work/venera/venera/android/gradle/wrapper/gradle-wrapper.properties. 
build	Build APK	2026-06-12T15:25:53.2172081Z For more information, see https://docs.gradle.org/current/userguide/gradle_wrapper.html.
build	Build APK	2026-06-12T15:25:53.2172637Z 
build	Build APK	2026-06-12T15:25:53.2203868Z Warning: Flutter support for your project's Kotlin version (2.1.0) will soon be dropped. Please upgrade your Kotlin version to a version of at least 2.2.20 soon.
build	Build APK	2026-06-12T15:25:53.2205308Z Alternatively, use the flag "--android-skip-build-dependency-validation" to bypass this check.
build	Build APK	2026-06-12T15:25:53.2205981Z 
build	Build APK	2026-06-12T15:25:53.2207210Z Potential fix: Your project's KGP version is typically defined in the plugins block of the `settings.gradle` file (/home/runner/work/venera/venera/android/settings.gradle), by a plugin with the id of org.jetbrains.kotlin.android. 
build	Build APK	2026-06-12T15:25:53.2210125Z If you don't see a plugins block, your project was likely created with an older template version, in which case it is most likely defined in the top-level build.gradle file (/home/runner/work/venera/venera/android/build.gradle) by the ext.kotlin_version property.
build	Build APK	2026-06-12T15:25:53.2211481Z 
build	Build APK	2026-06-12T15:25:56.4977447Z Checking the license for package NDK (Side by side) 28.0.13004108 in /usr/local/lib/android/sdk/licenses
build	Build APK	2026-06-12T15:25:56.4978782Z License for package NDK (Side by side) 28.0.13004108 accepted.
build	Build APK	2026-06-12T15:25:56.4979805Z Preparing "Install NDK (Side by side) 28.0.13004108 v.28.0.13004108".
build	Build APK	2026-06-12T15:26:10.8981414Z "Install NDK (Side by side) 28.0.13004108 v.28.0.13004108" ready.
build	Build APK	2026-06-12T15:26:10.8990516Z Installing NDK (Side by side) 28.0.13004108 in /usr/local/lib/android/sdk/ndk/28.0.13004108
build	Build APK	2026-06-12T15:26:10.8992379Z "Install NDK (Side by side) 28.0.13004108 v.28.0.13004108" complete.
build	Build APK	2026-06-12T15:26:10.9996853Z "Install NDK (Side by side) 28.0.13004108 v.28.0.13004108" finished.
build	Build APK	2026-06-12T15:27:02.2968101Z Checking the license for package NDK (Side by side) 27.0.12077973 in /usr/local/lib/android/sdk/licenses
build	Build APK	2026-06-12T15:27:02.2969853Z License for package NDK (Side by side) 27.0.12077973 accepted.
build	Build APK	2026-06-12T15:27:02.2973332Z Preparing "Install NDK (Side by side) 27.0.12077973 v.27.0.12077973".
build	Build APK	2026-06-12T15:27:14.3971845Z "Install NDK (Side by side) 27.0.12077973 v.27.0.12077973" ready.
build	Build APK	2026-06-12T15:27:14.3972952Z Installing NDK (Side by side) 27.0.12077973 in /usr/local/lib/android/sdk/ndk/27.0.12077973
build	Build APK	2026-06-12T15:27:14.3973779Z "Install NDK (Side by side) 27.0.12077973 v.27.0.12077973" complete.
build	Build APK	2026-06-12T15:27:14.3974386Z "Install NDK (Side by side) 27.0.12077973 v.27.0.12077973" finished.
build	Build APK	2026-06-12T15:27:54.5967074Z Checking the license for package NDK (Side by side) 28.2.13676358 in /usr/local/lib/android/sdk/licenses
build	Build APK	2026-06-12T15:27:54.5968998Z License for package NDK (Side by side) 28.2.13676358 accepted.
build	Build APK	2026-06-12T15:27:54.5973963Z Preparing "Install NDK (Side by side) 28.2.13676358 v.28.2.13676358".
build	Build APK	2026-06-12T15:28:07.3966998Z "Install NDK (Side by side) 28.2.13676358 v.28.2.13676358" ready.
build	Build APK	2026-06-12T15:28:07.3969274Z Installing NDK (Side by side) 28.2.13676358 in /usr/local/lib/android/sdk/ndk/28.2.13676358
build	Build APK	2026-06-12T15:28:07.3970140Z "Install NDK (Side by side) 28.2.13676358 v.28.2.13676358" complete.
build	Build APK	2026-06-12T15:28:07.3970840Z "Install NDK (Side by side) 28.2.13676358 v.28.2.13676358" finished.
build	Build APK	2026-06-12T15:28:27.4979608Z Your project is configured with Android NDK 28.0.13004108, but the following plugin(s) depend on a different Android NDK version:
build	Build APK	2026-06-12T15:28:27.4987247Z - app_links requires Android NDK 27.0.12077973
build	Build APK	2026-06-12T15:28:27.4991850Z - battery_plus requires Android NDK 27.0.12077973
build	Build APK	2026-06-12T15:28:27.4992980Z - display_mode requires Android NDK 27.0.12077973
build	Build APK	2026-06-12T15:28:27.4993650Z - dynamic_color requires Android NDK 27.0.12077973
build	Build APK	2026-06-12T15:28:27.5005812Z - file_selector_android requires Android NDK 27.0.12077973
build	Build APK	2026-06-12T15:28:27.5006641Z - flutter_7zip requires Android NDK 27.0.12077973
build	Build APK	2026-06-12T15:28:27.5007479Z - flutter_file_dialog requires Android NDK 27.0.12077973
build	Build APK	2026-06-12T15:28:27.5008370Z - flutter_inappwebview_android requires Android NDK 27.0.12077973
build	Build APK	2026-06-12T15:28:27.5009205Z - flutter_memory_info requires Android NDK 27.0.12077973
build	Build APK	2026-06-12T15:28:27.5010098Z - flutter_plugin_android_lifecycle requires Android NDK 27.0.12077973
build	Build APK	2026-06-12T15:28:27.5010912Z - flutter_saf requires Android NDK 27.0.12077973
build	Build APK	2026-06-12T15:28:27.5011580Z - jni requires Android NDK 28.2.13676358
build	Build APK	2026-06-12T15:28:27.5012266Z - jni_flutter requires Android NDK 27.0.12077973
build	Build APK	2026-06-12T15:28:27.5013187Z - local_auth_android requires Android NDK 27.0.12077973
build	Build APK	2026-06-12T15:28:27.5013903Z - rhttp requires Android NDK 27.0.12077973
build	Build APK	2026-06-12T15:28:27.5014595Z - share_plus requires Android NDK 27.0.12077973
build	Build APK	2026-06-12T15:28:27.5015515Z - sqlite3_flutter_libs requires Android NDK 27.0.12077973
build	Build APK	2026-06-12T15:28:27.5024775Z - url_launcher_android requires Android NDK 27.0.12077973
build	Build APK	2026-06-12T15:28:27.5025883Z Fix this issue by using the highest Android NDK version (they are backward compatible).
build	Build APK	2026-06-12T15:28:27.5027054Z Add the following to /home/runner/work/venera/venera/android/app/build.gradle:
build	Build APK	2026-06-12T15:28:27.5027779Z 
build	Build APK	2026-06-12T15:28:27.5076054Z     android {
build	Build APK	2026-06-12T15:28:27.5076587Z         ndkVersion = "28.2.13676358"
build	Build APK	2026-06-12T15:28:27.5077164Z         ...
build	Build APK	2026-06-12T15:28:27.5077494Z     }
build	Build APK	2026-06-12T15:28:27.5078234Z WARNING: Your Android app project: app located at: /home/runner/work/venera/venera/android/app/build.gradle
build	Build APK	2026-06-12T15:28:27.5079441Z applies the Kotlin Gradle Plugin, which will cause build failures in future versions of Flutter. 
build	Build APK	2026-06-12T15:28:27.5081030Z Please migrate your app to Built-in Kotlin using this guide: https://docs.flutter.dev/release/breaking-changes/migrate-to-built-in-kotlin/for-app-developers
build	Build APK	2026-06-12T15:28:27.5082109Z 
build	Build APK	2026-06-12T15:28:27.5083305Z WARNING: Your app uses the following plugins that apply Kotlin Gradle Plugin (KGP): battery_plus, dynamic_color, flutter_file_dialog, flutter_memory_info, flutter_qjs, flutter_saf, share_plus
build	Build APK	2026-06-12T15:28:27.5085057Z Future versions of Flutter will fail to build if your app uses plugins that apply KGP.
build	Build APK	2026-06-12T15:28:27.5085648Z 
build	Build APK	2026-06-12T15:28:27.5086168Z Please check the changelogs of these plugins and upgrade to a version that supports Built-in Kotlin.
build	Build APK	2026-06-12T15:28:27.5087288Z If no such version exists, report the issue to the plugin. If necessary, here is a guide on filing 
build	Build APK	2026-06-12T15:28:27.5089117Z an issue against a plugin: https://docs.flutter.dev/release/breaking-changes/migrate-to-built-in-kotlin/for-app-developers#report-incompatible-kotlin-gradle-plugin-usage-to-plugin-authors
build	Build APK	2026-06-12T15:28:27.5090431Z 
build	Build APK	2026-06-12T15:28:27.5091471Z If you are a plugin author, please migrate your plugin to Built-in Kotlin using this guide: https://docs.flutter.dev/release/breaking-changes/migrate-to-built-in-kotlin/for-plugin-authors
build	Build APK	2026-06-12T15:28:28.4971012Z Checking the license for package Android SDK Platform 33 in /usr/local/lib/android/sdk/licenses
build	Build APK	2026-06-12T15:28:28.4971939Z License for package Android SDK Platform 33 accepted.
build	Build APK	2026-06-12T15:28:28.4974512Z Preparing "Install Android SDK Platform 33 (revision 3)".
build	Build APK	2026-06-12T15:28:30.6967607Z "Install Android SDK Platform 33 (revision 3)" ready.
build	Build APK	2026-06-12T15:28:30.6968733Z Installing Android SDK Platform 33 in /usr/local/lib/android/sdk/platforms/android-33
build	Build APK	2026-06-12T15:28:30.6969784Z "Install Android SDK Platform 33 (revision 3)" complete.
build	Build APK	2026-06-12T15:28:30.6970586Z "Install Android SDK Platform 33 (revision 3)" finished.
build	Build APK	2026-06-12T15:28:31.3971932Z [=========                              ] 25%                                   
build	Build APK	2026-06-12T15:28:31.3993975Z Checking the license for package CMake 3.22.1 in /usr/local/lib/android/sdk/licenses
build	Build APK	2026-06-12T15:28:31.4023507Z License for package CMake 3.22.1 accepted.
build	Build APK	2026-06-12T15:28:31.4024344Z Preparing "Install CMake 3.22.1 v.3.22.1".
build	Build APK	2026-06-12T15:28:31.9966419Z "Install CMake 3.22.1 v.3.22.1" ready.
build	Build APK	2026-06-12T15:28:31.9967212Z Installing CMake 3.22.1 in /usr/local/lib/android/sdk/cmake/3.22.1
build	Build APK	2026-06-12T15:28:31.9969508Z "Install CMake 3.22.1 v.3.22.1" complete.
build	Build APK	2026-06-12T15:28:31.9969985Z "Install CMake 3.22.1 v.3.22.1" finished.
build	Build APK	2026-06-12T15:29:02.0995261Z Font asset "MaterialIcons-Regular.otf" was tree-shaken, reducing it from 1645184 to 16592 bytes (99.0% reduction). Tree-shaking can be disabled by providing the --no-tree-shake-icons flag when building your app.
build	Build APK	2026-06-12T15:30:39.3966354Z Resolving dependencies...
build	Build APK	2026-06-12T15:30:39.5966606Z Downloading packages...
build	Build APK	2026-06-12T15:30:40.6984219Z + adaptive_number 1.0.0
build	Build APK	2026-06-12T15:30:40.6986249Z + args 2.4.2 (2.7.0 available)
build	Build APK	2026-06-12T15:30:40.6986654Z + async 2.13.1
build	Build APK	2026-06-12T15:30:40.6987465Z + build_tool 1.0.0 from path /home/runner/.pub-cache/hosted/pub.dev/rhttp-0.15.1/cargokit/gradle/../build_tool
build	Build APK	2026-06-12T15:30:40.6988314Z + collection 1.18.0 (1.19.1 available)
build	Build APK	2026-06-12T15:30:40.6988743Z + convert 3.1.1 (3.1.2 available)
build	Build APK	2026-06-12T15:30:40.6989128Z + crypto 3.0.3 (3.0.7 available)
build	Build APK	2026-06-12T15:30:40.6989468Z + ed25519_edwards 0.3.1
build	Build APK	2026-06-12T15:30:40.6989701Z + fixnum 1.1.1
build	Build APK	2026-06-12T15:30:40.6989912Z + github 9.17.0 (9.25.1 available)
build	Build APK	2026-06-12T15:30:40.6990153Z + hex 0.2.0
build	Build APK	2026-06-12T15:30:40.6990356Z + http 1.1.0 (1.6.0 available)
build	Build APK	2026-06-12T15:30:40.6990738Z + http_parser 4.0.2 (4.1.2 available)
build	Build APK	2026-06-12T15:30:40.6991172Z + json_annotation 4.12.0
build	Build APK	2026-06-12T15:30:40.6991562Z + logging 1.2.0 (1.3.0 available)
build	Build APK	2026-06-12T15:30:40.6991936Z + meta 1.18.3
build	Build APK	2026-06-12T15:30:40.6992274Z + path 1.8.0 (1.9.1 available)
build	Build APK	2026-06-12T15:30:40.6992528Z + petitparser 5.4.0 (7.0.2 available)
build	Build APK	2026-06-12T15:30:40.6993190Z + source_span 1.10.0 (1.10.2 available)
build	Build APK	2026-06-12T15:30:40.6993546Z + string_scanner 1.4.1
build	Build APK	2026-06-12T15:30:40.6993782Z + term_glyph 1.2.2
build	Build APK	2026-06-12T15:30:40.6994026Z + toml 0.14.0 (0.18.0 available)
build	Build APK	2026-06-12T15:30:40.6994266Z + typed_data 1.4.0
build	Build APK	2026-06-12T15:30:40.6994485Z + version 3.0.0 (3.0.2 available)
build	Build APK	2026-06-12T15:30:40.6994727Z + yaml 3.1.2 (3.1.3 available)
build	Build APK	2026-06-12T15:30:40.6994966Z Changed 25 dependencies!
build	Build APK	2026-06-12T15:30:40.6995301Z 14 packages have newer versions incompatible with dependency constraints.
build	Build APK	2026-06-12T15:30:40.6995748Z Try `dart pub outdated` for more information.
build	Build APK	2026-06-12T15:30:40.6996197Z Compiling bin/build_tool_runner.dart to kernel file bin/build_tool_runner.dill.
build	Build APK	2026-06-12T15:30:41.7984004Z INFO: Precompiled binaries are disabled
build	Build APK	2026-06-12T15:30:41.7984620Z INFO: Installing Rust toolchain: 1.85.1
build	Build APK	2026-06-12T15:30:42.0965696Z INFO: Building rhttp for armv7-linux-androideabi
build	Build APK	2026-06-12T15:32:14.2967562Z INFO: Building rhttp for aarch64-linux-android
build	Build APK	2026-06-12T15:33:36.3966849Z INFO: Building rhttp for x86_64-linux-android
build	Build APK	2026-06-12T15:35:52.8978095Z Note: Some input files use or override a deprecated API.
build	Build APK	2026-06-12T15:35:52.8984336Z Note: Recompile with -Xlint:deprecation for details.
build	Build APK	2026-06-12T15:35:52.8985047Z Note: Some input files use unchecked or unsafe operations.
build	Build APK	2026-06-12T15:35:52.8988354Z Note: Recompile with -Xlint:unchecked for details.
build	Build APK	2026-06-12T15:36:07.0044125Z Caught exception: Already watching path: /home/runner/work/venera/venera/android
build	Build APK	2026-06-12T15:37:38.8249490Z Running Gradle task 'assembleRelease'...                          795.9s
build	Build APK	2026-06-12T15:37:39.6484171Z ✓ Built build/app/outputs/flutter-apk/app-release.apk (47.2MB)
build	Run actions/***-artifact@v4	﻿2026-06-12T15:37:39.6778981Z ##[group]Run actions/***-artifact@v4
build	Run actions/***-artifact@v4	2026-06-12T15:37:39.6779634Z with:
build	Run actions/***-artifact@v4	2026-06-12T15:37:39.6779978Z   name: venera-apk
build	Run actions/***-artifact@v4	2026-06-12T15:37:39.6780432Z   path: build/app/outputs/flutter-apk/app-release.apk
build	Run actions/***-artifact@v4	2026-06-12T15:37:39.6780976Z   if-no-files-found: warn
build	Run actions/***-artifact@v4	2026-06-12T15:37:39.6781407Z   compression-level: 6
build	Run actions/***-artifact@v4	2026-06-12T15:37:39.6781792Z   overwrite: false
build	Run actions/***-artifact@v4	2026-06-12T15:37:39.6782184Z   include-hidden-files: false
build	Run actions/***-artifact@v4	2026-06-12T15:37:39.6782602Z env:
build	Run actions/***-artifact@v4	2026-06-12T15:37:39.6783275Z   JAVA_HOME: /opt/hostedtoolcache/Java_Temurin-Hotspot_jdk/17.0.19-10/x64
build	Run actions/***-artifact@v4	2026-06-12T15:37:39.6784140Z   JAVA_HOME_17_X64: /opt/hostedtoolcache/Java_Temurin-Hotspot_jdk/17.0.19-10/x64
build	Run actions/***-artifact@v4	2026-06-12T15:37:39.6784964Z   FLUTTER_ROOT: /opt/hostedtoolcache/flutter/stable-3.44.0-x64/flutter
build	Run actions/***-artifact@v4	2026-06-12T15:37:39.6785597Z   PUB_CACHE: /home/runner/.pub-cache
build	Run actions/***-artifact@v4	2026-06-12T15:37:39.6786045Z ##[endgroup]
build	Run actions/***-artifact@v4	2026-06-12T15:37:40.1411429Z With the provided path, there will be 1 file ***ed
build	Run actions/***-artifact@v4	2026-06-12T15:37:40.1422418Z Artifact name is valid!
build	Run actions/***-artifact@v4	2026-06-12T15:37:40.1464047Z Root directory input is valid!
build	Run actions/***-artifact@v4	2026-06-12T15:37:40.4851342Z Beginning *** of artifact content to blob storage
build	Run actions/***-artifact@v4	2026-06-12T15:37:41.3792493Z Uploaded bytes 8388608
build	Run actions/***-artifact@v4	2026-06-12T15:37:41.5364497Z Uploaded bytes 16777216
build	Run actions/***-artifact@v4	2026-06-12T15:37:41.9774628Z Uploaded bytes 25165824
build	Run actions/***-artifact@v4	2026-06-12T15:37:42.2808003Z Uploaded bytes 33554432
build	Run actions/***-artifact@v4	2026-06-12T15:37:42.6210682Z Uploaded bytes 41943040
build	Run actions/***-artifact@v4	2026-06-12T15:37:42.8744071Z Uploaded bytes 46401907
build	Run actions/***-artifact@v4	2026-06-12T15:37:42.9123290Z Finished ***ing artifact content to blob storage!
build	Run actions/***-artifact@v4	2026-06-12T15:37:42.9145380Z SHA256 digest of ***ed artifact zip is 394a00b3d7787474784255da6ebb758bcdcd134a3a72dee6b79df61fef84cdca
build	Run actions/***-artifact@v4	2026-06-12T15:37:42.9146362Z Finalizing artifact ***
build	Run actions/***-artifact@v4	2026-06-12T15:37:43.0927734Z Artifact venera-apk.zip successfully finalized. Artifact ID 7595887819
build	Run actions/***-artifact@v4	2026-06-12T15:37:43.0929137Z Artifact venera-apk has been successfully ***ed! Final size is 46401907 bytes. Artifact ID is 7595887819
build	Run actions/***-artifact@v4	2026-06-12T15:37:43.0943475Z Artifact download URL: https://github.com/lll152872/venera/actions/runs/27425163228/artifacts/7595887819
build	Post Setup Flutter	﻿2026-06-12T15:37:43.1402257Z Post job cleanup.
build	Post Setup Java	﻿2026-06-12T15:37:43.1501911Z Post job cleanup.
build	Post Run actions/checkout@v4	﻿2026-06-12T15:37:43.4251286Z Post job cleanup.
build	Post Run actions/checkout@v4	2026-06-12T15:37:43.5742053Z [command]/usr/bin/git version
build	Post Run actions/checkout@v4	2026-06-12T15:37:43.5809324Z git version 2.54.0
build	Post Run actions/checkout@v4	2026-06-12T15:37:43.5867433Z Temporarily overriding HOME='/home/runner/work/_temp/3e0b1412-d757-4c98-a9a8-24a3e9d33e35' before making global git config changes
build	Post Run actions/checkout@v4	2026-06-12T15:37:43.5868960Z Adding repository directory to the temporary git global config as a safe directory
build	Post Run actions/checkout@v4	2026-06-12T15:37:43.5875177Z [command]/usr/bin/git config --global --add safe.directory /home/runner/work/venera/venera
build	Post Run actions/checkout@v4	2026-06-12T15:37:43.5932051Z [command]/usr/bin/git config --local --name-only --get-regexp core\.sshCommand
build	Post Run actions/checkout@v4	2026-06-12T15:37:43.5972921Z [command]/usr/bin/git submodule foreach --recursive sh -c "git config --local --name-only --get-regexp 'core\.sshCommand' && git config --local --unset-all 'core.sshCommand' || :"
build	Post Run actions/checkout@v4	2026-06-12T15:37:43.6266419Z [command]/usr/bin/git config --local --name-only --get-regexp http\.https\:\/\/github\.com\/\.extraheader
build	Post Run actions/checkout@v4	2026-06-12T15:37:43.6303803Z http.https://github.com/.extraheader
build	Post Run actions/checkout@v4	2026-06-12T15:37:43.6320271Z [command]/usr/bin/git config --local --unset-all http.https://github.com/.extraheader
build	Post Run actions/checkout@v4	2026-06-12T15:37:43.6359592Z [command]/usr/bin/git submodule foreach --recursive sh -c "git config --local --name-only --get-regexp 'http\.https\:\/\/github\.com\/\.extraheader' && git config --local --unset-all 'http.https://github.com/.extraheader' || :"
build	Post Run actions/checkout@v4	2026-06-12T15:37:43.6677407Z [command]/usr/bin/git config --local --name-only --get-regexp ^includeIf\.gitdir:
build	Post Run actions/checkout@v4	2026-06-12T15:37:43.6726633Z [command]/usr/bin/git submodule foreach --recursive git config --local --show-origin --name-only --get-regexp remote.origin.url
build	Complete job	﻿2026-06-12T15:37:43.7187434Z Cleaning up orphan processes
build	Complete job	2026-06-12T15:37:43.7687476Z Terminate orphan process: pid (2917) (java)
build	Complete job	2026-06-12T15:37:43.7738390Z Terminate orphan process: pid (3033) (java)
build	Complete job	2026-06-12T15:37:43.7818675Z Terminate orphan process: pid (9775) (java)
build	Complete job	2026-06-12T15:37:43.7842033Z ##[warning]Node.js 20 actions are deprecated. The following actions are running on Node.js 20 and may not work as expected: actions/checkout@v4, actions/setup-java@v4, actions/***-artifact@v4. Actions will be forced to run with Node.js 24 by default starting June 16th, 2026. Node.js 20 will be removed from the runner on September 16th, 2026. Please check if updated versions of these actions are available that support Node.js 24. To opt into Node.js 24 now, set the FORCE_JAVASCRIPT_ACTIONS_TO_NODE24=true environment variable on the runner or in your workflow file. Once Node.js 24 becomes the default, you can temporarily opt out by setting ACTIONS_ALLOW_USE_UNSECURE_NODE_VERSION=true. For more information see: https://github.blog/changelog/2025-09-19-deprecation-of-node-20-on-github-actions-runners/
